[31m[Nest] 16796  - [39m07/15/2026, 10:35:29 AM [31m  ERROR[39m [38;5;3m[ExceptionsHandler] [39mPrismaClientKnownRequestError: 
Invalid `this.prisma.user.findFirst()` invocation in
D:\nazirahmad\Karayeban-System\Karayeban_Backend\src\auth\auth.service.ts:36:43

  33 const normalizedUsername = dto.username.toLowerCase();
  34 const normalizedEmail = dto.email?.toLowerCase();
  35 
→ 36 const exists = await this.prisma.user.findFirst(
The column `users.marketId` does not exist in the current database.
    at zr.handleRequestError [90m(D:\nazirahmad\Karayeban-System\Karayeban_Backend\[39mnode_modules\[4m@prisma\client[24m\src\runtime\RequestHandler.ts:237:13[90m)[39m
    at zr.handleAndLogRequestError [90m(D:\nazirahmad\Karayeban-System\Karayeban_Backend\[39mnode_modules\[4m@prisma\client[24m\src\runtime\RequestHandler.ts:183:12[90m)[39m
    at zr.request [90m(D:\nazirahmad\Karayeban-System\Karayeban_Backend\[39mnode_modules\[4m@prisma\client[24m\src\runtime\RequestHandler.ts:152:12[90m)[39m
[90m    at process.processTicksAndRejections (node:internal/process/task_queues:104:5)[39m
    at async a [90m(D:\nazirahmad\Karayeban-System\Karayeban_Backend\[39mnode_modules\[4m@prisma\client[24m\src\runtime\getPrismaClient.ts:963:24[90m)[39m
    at async AuthService.register [90m(D:\nazirahmad\Karayeban-System\Karayeban_Backend\[39msrc\auth\auth.service.ts:36:20[90m)[39m
    at async [90mD:\nazirahmad\Karayeban-System\Karayeban_Backend\[39mnode_modules\[4m@nestjs\core[24m\router\router-execution-context.js:47:62
    at async [90mD:\nazirahmad\Karayeban-System\Karayeban_Backend\[39mnode_modules\[4m@nestjs\core[24m\router\router-proxy.js:9:17 {
  code: [32m'P2022'[39m,
  meta: {
    modelName: [32m'User'[39m,
    driverAdapterError: DriverAdapterError: ColumnNotFound
        at PrismaPgAdapter.onError [90m(D:\nazirahmad\Karayeban-System\Karayeban_Backend\[39mnode_modules\[4m@prisma\adapter-pg[24m\dist\index.js:678:11[90m)[39m
        at PrismaPgAdapter.performIO [90m(D:\nazirahmad\Karayeban-System\Karayeban_Backend\[39mnode_modules\[4m@prisma\adapter-pg[24m\dist\index.js:673:12[90m)[39m
    [90m    at process.processTicksAndRejections (node:internal/process/task_queues:104:5)[39m
        at async PrismaPgAdapter.queryRaw [90m(D:\nazirahmad\Karayeban-System\Karayeban_Backend\[39mnode_modules\[4m@prisma\adapter-pg[24m\dist\index.js:604:30[90m)[39m
        at async e.interpretNode [90m(D:\nazirahmad\Karayeban-System\Karayeban_Backend\[39mnode_modules\[4m@prisma\client-engine-runtime[24m\src\interpreter\query-interpreter.ts:186:26[90m)[39m
        at async e.interpretNode [90m(D:\nazirahmad\Karayeban-System\Karayeban_Backend\[39mnode_modules\[4m@prisma\client-engine-runtime[24m\src\interpreter\query-interpreter.ts:213:41[90m)[39m
        at async e.interpretNode [90m(D:\nazirahmad\Karayeban-System\Karayeban_Backend\[39mnode_modules\[4m@prisma\client-engine-runtime[24m\src\interpreter\query-interpreter.ts:272:41[90m)[39m
        at async e.run [90m(D:\nazirahmad\Karayeban-System\Karayeban_Backend\[39mnode_modules\[4m@prisma\client-engine-runtime[24m\src\interpreter\query-interpreter.ts:94:23[90m)[39m
        at async e.execute [90m(D:\nazirahmad\Karayeban-System\Karayeban_Backend\[39mnode_modules\[4m@prisma\client[24m\src\runtime\core\engines\client\LocalExecutor.ts:81:12[90m)[39m
        at async jt.request [90m(D:\nazirahmad\Karayeban-System\Karayeban_Backend\[39mnode_modules\[4m@prisma\client[24m\src\runtime\core\engines\client\ClientEngine.ts:504:22[90m)[39m {
      cause: {
        originalCode: [32m'42703'[39m,
        originalMessage: [32m'column users.marketId does not exist'[39m,
        kind: [32m'ColumnNotFound'[39m,
        column: [32m'users.marketId'[39m
      }
    }
  },
  clientVersion: [32m'7.8.0'[39m
}
[31m[Nest] 16796  - [39m07/15/2026, 10:55:41 AM [31m  ERROR[39m [38;5;3m[ExceptionsHandler] [39mPrismaClientKnownRequestError: 
Invalid `this.prisma.user.findFirst()` invocation in
D:\nazirahmad\Karayeban-System\Karayeban_Backend\src\auth\auth.service.ts:36:43

  33 const normalizedUsername = dto.username.toLowerCase();
  34 const normalizedEmail = dto.email?.toLowerCase();
  35 
→ 36 const exists = await this.prisma.user.findFirst(
The column `users.marketId` does not exist in the current database.
    at zr.handleRequestError [90m(D:\nazirahmad\Karayeban-System\Karayeban_Backend\[39mnode_modules\[4m@prisma\client[24m\src\runtime\RequestHandler.ts:237:13[90m)[39m
    at zr.handleAndLogRequestError [90m(D:\nazirahmad\Karayeban-System\Karayeban_Backend\[39mnode_modules\[4m@prisma\client[24m\src\runtime\RequestHandler.ts:183:12[90m)[39m
    at zr.request [90m(D:\nazirahmad\Karayeban-System\Karayeban_Backend\[39mnode_modules\[4m@prisma\client[24m\src\runtime\RequestHandler.ts:152:12[90m)[39m
[90m    at process.processTicksAndRejections (node:internal/process/task_queues:104:5)[39m
    at async a [90m(D:\nazirahmad\Karayeban-System\Karayeban_Backend\[39mnode_modules\[4m@prisma\client[24m\src\runtime\getPrismaClient.ts:963:24[90m)[39m
    at async AuthService.register [90m(D:\nazirahmad\Karayeban-System\Karayeban_Backend\[39msrc\auth\auth.service.ts:36:20[90m)[39m
    at async [90mD:\nazirahmad\Karayeban-System\Karayeban_Backend\[39mnode_modules\[4m@nestjs\core[24m\router\router-execution-context.js:47:62
    at async [90mD:\nazirahmad\Karayeban-System\Karayeban_Backend\[39mnode_modules\[4m@nestjs\core[24m\router\router-proxy.js:9:17 {
  code: [32m'P2022'[39m,
  meta: {
    modelName: [32m'User'[39m,
    driverAdapterError: DriverAdapterError: ColumnNotFound
        at PrismaPgAdapter.onError [90m(D:\nazirahmad\Karayeban-System\Karayeban_Backend\[39mnode_modules\[4m@prisma\adapter-pg[24m\dist\index.js:678:11[90m)[39m
        at PrismaPgAdapter.performIO [90m(D:\nazirahmad\Karayeban-System\Karayeban_Backend\[39mnode_modules\[4m@prisma\adapter-pg[24m\dist\index.js:673:12[90m)[39m
    [90m    at process.processTicksAndRejections (node:internal/process/task_queues:104:5)[39m
        at async PrismaPgAdapter.queryRaw [90m(D:\nazirahmad\Karayeban-System\Karayeban_Backend\[39mnode_modules\[4m@prisma\adapter-pg[24m\dist\index.js:604:30[90m)[39m
        at async e.interpretNode [90m(D:\nazirahmad\Karayeban-System\Karayeban_Backend\[39mnode_modules\[4m@prisma\client-engine-runtime[24m\src\interpreter\query-interpreter.ts:186:26[90m)[39m
        at async e.interpretNode [90m(D:\nazirahmad\Karayeban-System\Karayeban_Backend\[39mnode_modules\[4m@prisma\client-engine-runtime[24m\src\interpreter\query-interpreter.ts:213:41[90m)[39m
        at async e.interpretNode [90m(D:\nazirahmad\Karayeban-System\Karayeban_Backend\[39mnode_modules\[4m@prisma\client-engine-runtime[24m\src\interpreter\query-interpreter.ts:272:41[90m)[39m
        at async e.run [90m(D:\nazirahmad\Karayeban-System\Karayeban_Backend\[39mnode_modules\[4m@prisma\client-engine-runtime[24m\src\interpreter\query-interpreter.ts:94:23[90m)[39m
        at async e.execute [90m(D:\nazirahmad\Karayeban-System\Karayeban_Backend\[39mnode_modules\[4m@prisma\client[24m\src\runtime\core\engines\client\LocalExecutor.ts:81:12[90m)[39m
        at async jt.request [90m(D:\nazirahmad\Karayeban-System\Karayeban_Backend\[39mnode_modules\[4m@prisma\client[24m\src\runtime\core\engines\client\ClientEngine.ts:504:22[90m)[39m {
      cause: {
        originalCode: [32m'42703'[39m,
        originalMessage: [32m'column users.marketId does not exist'[39m,
        kind: [32m'ColumnNotFound'[39m,
        column: [32m'users.marketId'[39m
      }
    }
  },
  clientVersion: [32m'7.8.0'[39m
}
